com/exam/mapper/ReplayMapper.class
com/exam/service/MessageService.class
com/exam/service/JudgeQuestionService.class
com/exam/mapper/LoginMapper.class
com/exam/serviceimpl/AnswerServiceImpl.class
com/exam/controller/LoginController.class
com/exam/controller/FillQuestionController.class
com/exam/controller/ReplayController.class
com/exam/controller/AdminController.class
com/exam/service/AnswerService.class
com/exam/mapper/ExamManageMapper.class
com/exam/controller/ExamManageController.class
com/exam/mapper/JudgeQuestionMapper.class
com/exam/ExamsystemApplication.class
com/exam/controller/TeacherController.class
com/exam/controller/AnswerController.class
com/exam/mapper/AnswerMapper.class
com/exam/serviceimpl/TeacherServiceImpl.class
com/exam/mapper/PaperMapper.class
com/exam/entity/JudgeQuestion.class
com/exam/mapper/MultiQuestionMapper.class
com/exam/serviceimpl/PaperServiceImpl.class
com/exam/controller/ScoreController.class
com/exam/service/StudentService.class
com/exam/service/FillQuestionService.class
com/exam/service/TeacherService.class
com/exam/service/MultiQuestionService.class
com/exam/serviceimpl/AdminServiceImpl.class
com/exam/serviceimpl/MessageServiceImpl.class
com/exam/service/ExamManageService.class
com/exam/entity/ExamManage.class
com/exam/mapper/StudentMapper.class
com/exam/serviceimpl/MultiQuestionServiceImpl.class
com/exam/service/LoginService.class
com/exam/vo/Item.class
com/exam/controller/StudentController.class
com/exam/serviceimpl/ExamManageServiceImpl.class
com/exam/serviceimpl/ReplayServiceImpl.class
com/exam/entity/Message.class
com/exam/serviceimpl/StudentServiceImpl.class
com/exam/service/AdminService.class
com/exam/entity/Score.class
com/exam/controller/ItemController.class
com/exam/entity/Student.class
com/exam/serviceimpl/LoginServiceImpl.class
com/exam/mapper/AdminMapper.class
com/exam/serviceimpl/ScoreServiceImpl.class
com/exam/mapper/MessageMapper.class
com/exam/serviceimpl/FillQuestionServiceImpl.class
com/exam/controller/MultiQuestionController.class
com/exam/entity/Teacher.class
com/exam/entity/ApiResult.class
com/exam/mapper/ScoreMapper.class
com/exam/service/ScoreService.class
com/exam/service/ReplayService.class
com/exam/controller/MessageController.class
com/exam/entity/MultiQuestion.class
com/exam/util/ApiResultHandler.class
com/exam/vo/AnswerVO.class
com/exam/serviceimpl/JudgeQuestionServiceImpl.class
com/exam/mapper/TeacherMapper.class
com/exam/MybatisPlusConfig.class
com/exam/entity/Replay.class
com/exam/service/PaperService.class
com/exam/entity/PaperManage.class
com/exam/mapper/FillQuestionMapper.class
com/exam/entity/FillQuestion.class
com/exam/entity/Admin.class
com/exam/entity/Login.class
com/exam/controller/JudgeQuestionController.class
com/exam/controller/PaperController.class
