/Volumes/SSD/SpringBoot-Vue-OnlineExam/springboot/src/main/java/com/exam/entity/PaperManage.java
/Volumes/SSD/SpringBoot-Vue-OnlineExam/springboot/src/main/java/com/exam/controller/StudentController.java
/Volumes/SSD/SpringBoot-Vue-OnlineExam/springboot/src/main/java/com/exam/entity/Score.java
/Volumes/SSD/SpringBoot-Vue-OnlineExam/springboot/src/main/java/com/exam/vo/Item.java
/Volumes/SSD/SpringBoot-Vue-OnlineExam/springboot/src/main/java/com/exam/util/ApiResultHandler.java
/Volumes/SSD/SpringBoot-Vue-OnlineExam/springboot/src/main/java/com/exam/mapper/ExamManageMapper.java
/Volumes/SSD/SpringBoot-Vue-OnlineExam/springboot/src/main/java/com/exam/mapper/TeacherMapper.java
/Volumes/SSD/SpringBoot-Vue-OnlineExam/springboot/src/main/java/com/exam/serviceimpl/StudentServiceImpl.java
/Volumes/SSD/SpringBoot-Vue-OnlineExam/springboot/src/main/java/com/exam/service/ScoreService.java
/Volumes/SSD/SpringBoot-Vue-OnlineExam/springboot/src/main/java/com/exam/controller/MessageController.java
/Volumes/SSD/SpringBoot-Vue-OnlineExam/springboot/src/main/java/com/exam/service/AnswerService.java
/Volumes/SSD/SpringBoot-Vue-OnlineExam/springboot/src/main/java/com/exam/mapper/AnswerMapper.java
/Volumes/SSD/SpringBoot-Vue-OnlineExam/springboot/src/main/java/com/exam/service/JudgeQuestionService.java
/Volumes/SSD/SpringBoot-Vue-OnlineExam/springboot/src/main/java/com/exam/entity/Message.java
/Volumes/SSD/SpringBoot-Vue-OnlineExam/springboot/src/main/java/com/exam/serviceimpl/ExamManageServiceImpl.java
/Volumes/SSD/SpringBoot-Vue-OnlineExam/springboot/src/main/java/com/exam/entity/FillQuestion.java
/Volumes/SSD/SpringBoot-Vue-OnlineExam/springboot/src/main/java/com/exam/controller/ScoreController.java
/Volumes/SSD/SpringBoot-Vue-OnlineExam/springboot/src/main/java/com/exam/service/AdminService.java
/Volumes/SSD/SpringBoot-Vue-OnlineExam/springboot/src/main/java/com/exam/serviceimpl/AnswerServiceImpl.java
/Volumes/SSD/SpringBoot-Vue-OnlineExam/springboot/src/main/java/com/exam/entity/Teacher.java
/Volumes/SSD/SpringBoot-Vue-OnlineExam/springboot/src/main/java/com/exam/controller/FillQuestionController.java
/Volumes/SSD/SpringBoot-Vue-OnlineExam/springboot/src/main/java/com/exam/controller/TeacherController.java
/Volumes/SSD/SpringBoot-Vue-OnlineExam/springboot/src/main/java/com/exam/mapper/LoginMapper.java
/Volumes/SSD/SpringBoot-Vue-OnlineExam/springboot/src/main/java/com/exam/service/PaperService.java
/Volumes/SSD/SpringBoot-Vue-OnlineExam/springboot/src/main/java/com/exam/controller/ReplayController.java
/Volumes/SSD/SpringBoot-Vue-OnlineExam/springboot/src/main/java/com/exam/service/ReplayService.java
/Volumes/SSD/SpringBoot-Vue-OnlineExam/springboot/src/main/java/com/exam/entity/Login.java
/Volumes/SSD/SpringBoot-Vue-OnlineExam/springboot/src/main/java/com/exam/mapper/ReplayMapper.java
/Volumes/SSD/SpringBoot-Vue-OnlineExam/springboot/src/main/java/com/exam/ExamsystemApplication.java
/Volumes/SSD/SpringBoot-Vue-OnlineExam/springboot/src/main/java/com/exam/serviceimpl/AdminServiceImpl.java
/Volumes/SSD/SpringBoot-Vue-OnlineExam/springboot/src/main/java/com/exam/service/TeacherService.java
/Volumes/SSD/SpringBoot-Vue-OnlineExam/springboot/src/main/java/com/exam/serviceimpl/FillQuestionServiceImpl.java
/Volumes/SSD/SpringBoot-Vue-OnlineExam/springboot/src/main/java/com/exam/service/FillQuestionService.java
/Volumes/SSD/SpringBoot-Vue-OnlineExam/springboot/src/main/java/com/exam/vo/AnswerVO.java
/Volumes/SSD/SpringBoot-Vue-OnlineExam/springboot/src/main/java/com/exam/mapper/AdminMapper.java
/Volumes/SSD/SpringBoot-Vue-OnlineExam/springboot/src/main/java/com/exam/mapper/MessageMapper.java
/Volumes/SSD/SpringBoot-Vue-OnlineExam/springboot/src/main/java/com/exam/entity/Replay.java
/Volumes/SSD/SpringBoot-Vue-OnlineExam/springboot/src/main/java/com/exam/mapper/FillQuestionMapper.java
/Volumes/SSD/SpringBoot-Vue-OnlineExam/springboot/src/main/java/com/exam/entity/Admin.java
/Volumes/SSD/SpringBoot-Vue-OnlineExam/springboot/src/main/java/com/exam/controller/JudgeQuestionController.java
/Volumes/SSD/SpringBoot-Vue-OnlineExam/springboot/src/main/java/com/exam/controller/AdminController.java
/Volumes/SSD/SpringBoot-Vue-OnlineExam/springboot/src/main/java/com/exam/mapper/MultiQuestionMapper.java
/Volumes/SSD/SpringBoot-Vue-OnlineExam/springboot/src/main/java/com/exam/serviceimpl/MessageServiceImpl.java
/Volumes/SSD/SpringBoot-Vue-OnlineExam/springboot/src/main/java/com/exam/serviceimpl/JudgeQuestionServiceImpl.java
/Volumes/SSD/SpringBoot-Vue-OnlineExam/springboot/src/main/java/com/exam/serviceimpl/ScoreServiceImpl.java
/Volumes/SSD/SpringBoot-Vue-OnlineExam/springboot/src/main/java/com/exam/service/LoginService.java
/Volumes/SSD/SpringBoot-Vue-OnlineExam/springboot/src/main/java/com/exam/serviceimpl/LoginServiceImpl.java
/Volumes/SSD/SpringBoot-Vue-OnlineExam/springboot/src/main/java/com/exam/entity/ExamManage.java
/Volumes/SSD/SpringBoot-Vue-OnlineExam/springboot/src/main/java/com/exam/serviceimpl/TeacherServiceImpl.java
/Volumes/SSD/SpringBoot-Vue-OnlineExam/springboot/src/main/java/com/exam/serviceimpl/PaperServiceImpl.java
/Volumes/SSD/SpringBoot-Vue-OnlineExam/springboot/src/main/java/com/exam/controller/MultiQuestionController.java
/Volumes/SSD/SpringBoot-Vue-OnlineExam/springboot/src/main/java/com/exam/MybatisPlusConfig.java
/Volumes/SSD/SpringBoot-Vue-OnlineExam/springboot/src/main/java/com/exam/service/MessageService.java
/Volumes/SSD/SpringBoot-Vue-OnlineExam/springboot/src/main/java/com/exam/mapper/ScoreMapper.java
/Volumes/SSD/SpringBoot-Vue-OnlineExam/springboot/src/main/java/com/exam/controller/PaperController.java
/Volumes/SSD/SpringBoot-Vue-OnlineExam/springboot/src/main/java/com/exam/controller/ItemController.java
/Volumes/SSD/SpringBoot-Vue-OnlineExam/springboot/src/main/java/com/exam/service/StudentService.java
/Volumes/SSD/SpringBoot-Vue-OnlineExam/springboot/src/main/java/com/exam/serviceimpl/MultiQuestionServiceImpl.java
/Volumes/SSD/SpringBoot-Vue-OnlineExam/springboot/src/main/java/com/exam/serviceimpl/ReplayServiceImpl.java
/Volumes/SSD/SpringBoot-Vue-OnlineExam/springboot/src/main/java/com/exam/controller/LoginController.java
/Volumes/SSD/SpringBoot-Vue-OnlineExam/springboot/src/main/java/com/exam/controller/ExamManageController.java
/Volumes/SSD/SpringBoot-Vue-OnlineExam/springboot/src/main/java/com/exam/service/ExamManageService.java
/Volumes/SSD/SpringBoot-Vue-OnlineExam/springboot/src/main/java/com/exam/entity/ApiResult.java
/Volumes/SSD/SpringBoot-Vue-OnlineExam/springboot/src/main/java/com/exam/service/MultiQuestionService.java
/Volumes/SSD/SpringBoot-Vue-OnlineExam/springboot/src/main/java/com/exam/mapper/JudgeQuestionMapper.java
/Volumes/SSD/SpringBoot-Vue-OnlineExam/springboot/src/main/java/com/exam/entity/Student.java
/Volumes/SSD/SpringBoot-Vue-OnlineExam/springboot/src/main/java/com/exam/entity/JudgeQuestion.java
/Volumes/SSD/SpringBoot-Vue-OnlineExam/springboot/src/main/java/com/exam/controller/AnswerController.java
/Volumes/SSD/SpringBoot-Vue-OnlineExam/springboot/src/main/java/com/exam/entity/MultiQuestion.java
/Volumes/SSD/SpringBoot-Vue-OnlineExam/springboot/src/main/java/com/exam/mapper/StudentMapper.java
/Volumes/SSD/SpringBoot-Vue-OnlineExam/springboot/src/main/java/com/exam/mapper/PaperMapper.java
